// Jest Snapshot v1, https://goo.gl/fbAQLP

exports[`PersonalCard Renders correctly without props 1`] = `
<div
  className="card"
>
  <div
    className="personTitle"
  >
    <img
      className="skeleton"
    />
    <span
      className="skeleton"
    >
      ________________
    </span>
  </div>
  <Button
    onClick={[Function]}
    primary={true}
    raised={true}
    text="<<"
  />
  <Button
    onClick={[Function]}
    primary={true}
    raised={true}
    text=">>"
  />
</div>
`;
